<?xml version="1.0" encoding="UTF-8"?>
<TestRun id="bf38e115-4882-48b7-a189-97df13bbe71d" name="jmallqui@JMALLQUI 2014-09-20 12:36:07" runUser="NTCIP\jmallqui" xmlns="http://microsoft.com/schemas/VisualStudio/TeamTest/2010">
  <TestSettings name="Configuración de pruebas predeterminada" id="66c7d296-6ec9-4295-ac93-17cce2e3490c">
    <Deployment runDeploymentRoot="jmallqui_JMALLQUI 2014-09-20 12_36_07">
      <DeploymentItem filename="C:\Users\jmallqui.NTCIP\Google Drive\201402\DSD\proyecto\SCT_DSD_DISTRIBUIDOS\SCTServiceWCF\bin\SCTServiceWCF.dll" />
    </Deployment>
    <Execution>
      <TestTypeSpecific />
      <AgentRule name="Execution Agents">
      </AgentRule>
    </Execution>
  </TestSettings>
  <Times creation="2014-09-20T12:36:07.0235869-05:00" queuing="2014-09-20T12:36:07.1716921-05:00" start="2014-09-20T12:36:07.1756949-05:00" finish="2014-09-20T12:36:08.1163855-05:00" />
  <ResultSummary outcome="Completed">
    <Counters total="1" executed="1" passed="1" error="0" failed="0" timeout="0" aborted="0" inconclusive="0" passedButRunAborted="0" notRunnable="0" notExecuted="0" disconnected="0" warning="0" completed="0" inProgress="0" pending="0" />
  </ResultSummary>
  <TestDefinitions>
    <UnitTest name="ModificarEmpresaTest" storage="c:\users\jmallqui.ntcip\google drive\201402\dsd\proyecto\sct_dsd_distribuidos\testempresaservice\bin\debug\testempresaservice.dll" id="edd19375-b0b2-14f3-943c-35968187c4a5">
      <Execution id="5f7cd871-e697-40bc-8ba4-318440c6c059" />
      <TestMethod codeBase="C:/Users/jmallqui.NTCIP/Google Drive/201402/DSD/proyecto/SCT_DSD_DISTRIBUIDOS/TestEmpresaService/bin/Debug/TestEmpresaService.DLL" adapterTypeName="Microsoft.VisualStudio.TestTools.TestTypes.Unit.UnitTestAdapter, Microsoft.VisualStudio.QualityTools.Tips.UnitTest.Adapter, Version=10.0.0.0, Culture=neutral, PublicKeyToken=b03f5f7f11d50a3a" className="TestEmpresaService.UnitTest1, TestEmpresaService, Version=1.0.0.0, Culture=neutral, PublicKeyToken=null" name="ModificarEmpresaTest" />
    </UnitTest>
  </TestDefinitions>
  <TestLists>
    <TestList name="Resultados que no están en la lista" id="8c84fa94-04c1-424b-9868-57a2d4851a1d" />
    <TestList name="Todos los resultados cargados" id="19431567-8539-422a-85d7-44ee4e166bda" />
  </TestLists>
  <TestEntries>
    <TestEntry testId="edd19375-b0b2-14f3-943c-35968187c4a5" executionId="5f7cd871-e697-40bc-8ba4-318440c6c059" testListId="8c84fa94-04c1-424b-9868-57a2d4851a1d" />
  </TestEntries>
  <Results>
    <UnitTestResult executionId="5f7cd871-e697-40bc-8ba4-318440c6c059" testId="edd19375-b0b2-14f3-943c-35968187c4a5" testName="ModificarEmpresaTest" computerName="JMALLQUI" duration="00:00:00.7740643" startTime="2014-09-20T12:36:07.1806982-05:00" endTime="2014-09-20T12:36:08.1043753-05:00" testType="13cdc9d9-ddb5-4fa4-a97d-d965ccfc6d4b" outcome="Passed" testListId="8c84fa94-04c1-424b-9868-57a2d4851a1d" relativeResultsDirectory="5f7cd871-e697-40bc-8ba4-318440c6c059">
    </UnitTestResult>
  </Results>
</TestRun>