<?xml version="1.0" encoding="UTF-8"?>
<TestRun id="e5f1c2ef-7d40-4ad6-877c-7beb52c00d28" name="jmallqui@JMALLQUI 2014-10-01 20:32:59" runUser="NTCIP\jmallqui" xmlns="http://microsoft.com/schemas/VisualStudio/TeamTest/2010">
  <TestSettings name="Configuración de pruebas predeterminada" id="91eae47f-b10f-4aee-a4e4-7f9b4b6d694b">
    <Deployment runDeploymentRoot="jmallqui_JMALLQUI 2014-10-01 20_32_59">
      <DeploymentItem filename="C:\Users\jmallqui.NTCIP\Google Drive\201402\DSD\proyecto\SCT_DSD_DISTRIBUIDOS\SCTServiceWCF\bin\SCTServiceWCF.dll" />
    </Deployment>
    <Execution>
      <TestTypeSpecific />
      <AgentRule name="Execution Agents">
      </AgentRule>
    </Execution>
  </TestSettings>
  <Times creation="2014-10-01T20:32:59.4320630-05:00" queuing="2014-10-01T20:32:59.6463920-05:00" start="2014-10-01T20:32:59.6694082-05:00" finish="2014-10-01T20:33:00.0287386-05:00" />
  <ResultSummary outcome="Completed">
    <Counters total="1" executed="1" passed="1" error="0" failed="0" timeout="0" aborted="0" inconclusive="0" passedButRunAborted="0" notRunnable="0" notExecuted="0" disconnected="0" warning="0" completed="0" inProgress="0" pending="0" />
  </ResultSummary>
  <TestDefinitions>
    <UnitTest name="CRUDTest" storage="c:\users\jmallqui.ntcip\google drive\201402\dsd\proyecto\sct_dsd_distribuidos\testempresaservice\bin\debug\testempresaservice.dll" id="b7e2f85a-09d7-f97c-542a-dba2872a760d">
      <Execution id="212cebae-724c-496d-9e30-2137b6081740" />
      <TestMethod codeBase="C:/Users/jmallqui.NTCIP/Google Drive/201402/DSD/proyecto/SCT_DSD_DISTRIBUIDOS/TestEmpresaService/bin/Debug/TestEmpresaService.DLL" adapterTypeName="Microsoft.VisualStudio.TestTools.TestTypes.Unit.UnitTestAdapter, Microsoft.VisualStudio.QualityTools.Tips.UnitTest.Adapter, Version=10.0.0.0, Culture=neutral, PublicKeyToken=b03f5f7f11d50a3a" className="TestEmpresaService.UnitTest1, TestEmpresaService, Version=1.0.0.0, Culture=neutral, PublicKeyToken=null" name="CRUDTest" />
    </UnitTest>
  </TestDefinitions>
  <TestLists>
    <TestList name="Resultados que no están en la lista" id="8c84fa94-04c1-424b-9868-57a2d4851a1d" />
    <TestList name="Todos los resultados cargados" id="19431567-8539-422a-85d7-44ee4e166bda" />
  </TestLists>
  <TestEntries>
    <TestEntry testId="b7e2f85a-09d7-f97c-542a-dba2872a760d" executionId="212cebae-724c-496d-9e30-2137b6081740" testListId="8c84fa94-04c1-424b-9868-57a2d4851a1d" />
  </TestEntries>
  <Results>
    <UnitTestResult executionId="212cebae-724c-496d-9e30-2137b6081740" testId="b7e2f85a-09d7-f97c-542a-dba2872a760d" testName="CRUDTest" computerName="JMALLQUI" duration="00:00:00.0877127" startTime="2014-10-01T20:32:59.6914242-05:00" endTime="2014-10-01T20:32:59.9997338-05:00" testType="13cdc9d9-ddb5-4fa4-a97d-d965ccfc6d4b" outcome="Passed" testListId="8c84fa94-04c1-424b-9868-57a2d4851a1d" relativeResultsDirectory="212cebae-724c-496d-9e30-2137b6081740">
    </UnitTestResult>
  </Results>
</TestRun>